// Jest Snapshot v1, https://goo.gl/fbAQLP

exports[`should render ErrorMessage component correctly 1`] = `
<Fragment>
  <p>
    Oops! Something went wrong. Try reloading again or show the next message to some developer:
  </p>
  <p>
    Something went wrong
  </p>
  <p>
    Url fetched:
  </p>
  <p>
    www.foo.com
  </p>
</Fragment>
`;
